../Core/Src/main.c:80:6:test	8	static
../Core/Src/main.c:112:5:main	8	static
../Core/Src/main.c:209:6:SystemClock_Config	88	static
../Core/Src/main.c:255:13:MX_ADC1_Init	24	static
../Core/Src/main.c:329:13:MX_TIM1_Init	96	static
../Core/Src/main.c:416:13:MX_TIM2_Init	56	static
../Core/Src/main.c:465:13:MX_TIM3_Init	56	static
../Core/Src/main.c:514:13:MX_TIM4_Init	32	static
../Core/Src/main.c:559:13:MX_USART1_UART_Init	8	static
../Core/Src/main.c:590:13:MX_DMA_Init	16	static
../Core/Src/main.c:608:13:MX_GPIO_Init	40	static
../Core/Src/main.c:664:6:HAL_TIM_IC_CaptureCallback	16	static
../Core/Src/main.c:677:6:HAL_TIM_PeriodElapsedCallback	16	static
../Core/Src/main.c:686:6:HAL_GPIO_EXTI_Callback	16	static
../Core/Src/main.c:703:6:Error_Handler	4	static,ignoring_inline_asm
