../Core/Src/main.c:79:6:test	8	static
../Core/Src/main.c:111:5:main	8	static
../Core/Src/main.c:192:6:SystemClock_Config	88	static
../Core/Src/main.c:238:13:MX_ADC1_Init	24	static
../Core/Src/main.c:312:13:MX_TIM1_Init	96	static
../Core/Src/main.c:399:13:MX_TIM2_Init	56	static
../Core/Src/main.c:448:13:MX_TIM3_Init	56	static
../Core/Src/main.c:497:13:MX_TIM4_Init	32	static
../Core/Src/main.c:542:13:MX_USART1_UART_Init	8	static
../Core/Src/main.c:573:13:MX_DMA_Init	16	static
../Core/Src/main.c:591:13:MX_GPIO_Init	40	static
../Core/Src/main.c:637:6:HAL_TIM_IC_CaptureCallback	16	static
../Core/Src/main.c:650:6:HAL_TIM_PeriodElapsedCallback	16	static
../Core/Src/main.c:662:6:Error_Handler	4	static,ignoring_inline_asm
