Archive member included to satisfy reference by file (symbol)

D:/STM32CubeIDE_1.16.1/STM32CubeIDE/plugins/com.st.stm32cube.ide.mcu.externaltools.gnu-tools-for-stm32.12.3.rel1.win32_1.0.200.202406191623/tools/bin/../lib/gcc/arm-none-eabi/12.3.1/../../../../arm-none-eabi/lib/thumb/v7-m/nofp\libc_nano.a(libc_a-exit.o)
                              D:/STM32CubeIDE_1.16.1/STM32CubeIDE/plugins/com.st.stm32cube.ide.mcu.externaltools.gnu-tools-for-stm32.12.3.rel1.win32_1.0.200.202406191623/tools/bin/../lib/gcc/arm-none-eabi/12.3.1/../../../../arm-none-eabi/lib/thumb/v7-m/nofp/crt0.o (exit)
D:/STM32CubeIDE_1.16.1/STM32CubeIDE/plugins/com.st.stm32cube.ide.mcu.externaltools.gnu-tools-for-stm32.12.3.rel1.win32_1.0.200.202406191623/tools/bin/../lib/gcc/arm-none-eabi/12.3.1/../../../../arm-none-eabi/lib/thumb/v7-m/nofp\libc_nano.a(libc_a-findfp.o)
                              D:/STM32CubeIDE_1.16.1/STM32CubeIDE/plugins/com.st.stm32cube.ide.mcu.externaltools.gnu-tools-for-stm32.12.3.rel1.win32_1.0.200.202406191623/tools/bin/../lib/gcc/arm-none-eabi/12.3.1/../../../../arm-none-eabi/lib/thumb/v7-m/nofp\libc_nano.a(libc_a-exit.o) (__stdio_exit_handler)
D:/STM32CubeIDE_1.16.1/STM32CubeIDE/plugins/com.st.stm32cube.ide.mcu.externaltools.gnu-tools-for-stm32.12.3.rel1.win32_1.0.200.202406191623/tools/bin/../lib/gcc/arm-none-eabi/12.3.1/../../../../arm-none-eabi/lib/thumb/v7-m/nofp\libc_nano.a(libc_a-fwalk.o)
                              D:/STM32CubeIDE_1.16.1/STM32CubeIDE/plugins/com.st.stm32cube.ide.mcu.externaltools.gnu-tools-for-stm32.12.3.rel1.win32_1.0.200.202406191623/tools/bin/../lib/gcc/arm-none-eabi/12.3.1/../../../../arm-none-eabi/lib/thumb/v7-m/nofp\libc_nano.a(libc_a-findfp.o) (_fwalk_sglue)
D:/STM32CubeIDE_1.16.1/STM32CubeIDE/plugins/com.st.stm32cube.ide.mcu.externaltools.gnu-tools-for-stm32.12.3.rel1.win32_1.0.200.202406191623/tools/bin/../lib/gcc/arm-none-eabi/12.3.1/../../../../arm-none-eabi/lib/thumb/v7-m/nofp\libc_nano.a(libc_a-stdio.o)
                              D:/STM32CubeIDE_1.16.1/STM32CubeIDE/plugins/com.st.stm32cube.ide.mcu.externaltools.gnu-tools-for-stm32.12.3.rel1.win32_1.0.200.202406191623/tools/bin/../lib/gcc/arm-none-eabi/12.3.1/../../../../arm-none-eabi/lib/thumb/v7-m/nofp\libc_nano.a(libc_a-findfp.o) (__sread)
D:/STM32CubeIDE_1.16.1/STM32CubeIDE/plugins/com.st.stm32cube.ide.mcu.externaltools.gnu-tools-for-stm32.12.3.rel1.win32_1.0.200.202406191623/tools/bin/../lib/gcc/arm-none-eabi/12.3.1/../../../../arm-none-eabi/lib/thumb/v7-m/nofp\libc_nano.a(libc_a-memset.o)
                              D:/STM32CubeIDE_1.16.1/STM32CubeIDE/plugins/com.st.stm32cube.ide.mcu.externaltools.gnu-tools-for-stm32.12.3.rel1.win32_1.0.200.202406191623/tools/bin/../lib/gcc/arm-none-eabi/12.3.1/../../../../arm-none-eabi/lib/thumb/v7-m/nofp/crt0.o (memset)
D:/STM32CubeIDE_1.16.1/STM32CubeIDE/plugins/com.st.stm32cube.ide.mcu.externaltools.gnu-tools-for-stm32.12.3.rel1.win32_1.0.200.202406191623/tools/bin/../lib/gcc/arm-none-eabi/12.3.1/../../../../arm-none-eabi/lib/thumb/v7-m/nofp\libc_nano.a(libc_a-closer.o)
                              D:/STM32CubeIDE_1.16.1/STM32CubeIDE/plugins/com.st.stm32cube.ide.mcu.externaltools.gnu-tools-for-stm32.12.3.rel1.win32_1.0.200.202406191623/tools/bin/../lib/gcc/arm-none-eabi/12.3.1/../../../../arm-none-eabi/lib/thumb/v7-m/nofp\libc_nano.a(libc_a-stdio.o) (_close_r)
D:/STM32CubeIDE_1.16.1/STM32CubeIDE/plugins/com.st.stm32cube.ide.mcu.externaltools.gnu-tools-for-stm32.12.3.rel1.win32_1.0.200.202406191623/tools/bin/../lib/gcc/arm-none-eabi/12.3.1/../../../../arm-none-eabi/lib/thumb/v7-m/nofp\libc_nano.a(libc_a-reent.o)
                              D:/STM32CubeIDE_1.16.1/STM32CubeIDE/plugins/com.st.stm32cube.ide.mcu.externaltools.gnu-tools-for-stm32.12.3.rel1.win32_1.0.200.202406191623/tools/bin/../lib/gcc/arm-none-eabi/12.3.1/../../../../arm-none-eabi/lib/thumb/v7-m/nofp\libc_nano.a(libc_a-closer.o) (errno)
D:/STM32CubeIDE_1.16.1/STM32CubeIDE/plugins/com.st.stm32cube.ide.mcu.externaltools.gnu-tools-for-stm32.12.3.rel1.win32_1.0.200.202406191623/tools/bin/../lib/gcc/arm-none-eabi/12.3.1/../../../../arm-none-eabi/lib/thumb/v7-m/nofp\libc_nano.a(libc_a-impure.o)
                              D:/STM32CubeIDE_1.16.1/STM32CubeIDE/plugins/com.st.stm32cube.ide.mcu.externaltools.gnu-tools-for-stm32.12.3.rel1.win32_1.0.200.202406191623/tools/bin/../lib/gcc/arm-none-eabi/12.3.1/../../../../arm-none-eabi/lib/thumb/v7-m/nofp\libc_nano.a(libc_a-reent.o) (_impure_ptr)
D:/STM32CubeIDE_1.16.1/STM32CubeIDE/plugins/com.st.stm32cube.ide.mcu.externaltools.gnu-tools-for-stm32.12.3.rel1.win32_1.0.200.202406191623/tools/bin/../lib/gcc/arm-none-eabi/12.3.1/../../../../arm-none-eabi/lib/thumb/v7-m/nofp\libc_nano.a(libc_a-lseekr.o)
[...]
Memory Configuration

Name             Origin             Length             Attributes
RAM              0x20000000         0x00005000         xrw
FLASH            0x08000000         0x00010000         xr
*default*        0x00000000         0xffffffff

Linker script and memory map

LOAD D:/STM32CubeIDE_1.16.1/STM32CubeIDE/plugins/com.st.stm32cube.ide.mcu.externaltools.gnu-tools-for-stm32.12.3.rel1.win32_1.0.200.202406191623/tools/bin/../lib/gcc/arm-none-eabi/12.3.1/thumb/v7-m/nofp/crti.o
LOAD D:/STM32CubeIDE_1.16.1/STM32CubeIDE/plugins/com.st.stm32cube.ide.mcu.externaltools.gnu-tools-for-stm32.12.3.rel1.win32_1.0.200.202406191623/tools/bin/../lib/gcc/arm-none-eabi/12.3.1/thumb/v7-m/nofp/crtbegin.o
LOAD D:/STM32CubeIDE_1.16.1/STM32CubeIDE/plugins/com.st.stm32cube.ide.mcu.externaltools.gnu-tools-for-stm32.12.3.rel1.win32_1.0.200.202406191623/tools/bin/../lib/gcc/arm-none-eabi/12.3.1/../../../../arm-none-eabi/lib/thumb/v7-m/nofp/crt0.o
LOAD ./Core/Src/Motor.o
LOAD ./Core/Src/PID.o
LOAD ./Core/Src/Sensor.o
LOAD ./Core/Src/Timer.o
LOAD ./Core/Src/main.o
LOAD ./Core/Src/stm32f1xx_hal_msp.o
LOAD ./Core/Src/stm32f1xx_it.o
LOAD ./Core/Src/syscalls.o
LOAD ./Core/Src/sysmem.o
LOAD ./Core/Src/system_stm32f1xx.o
LOAD ./Core/Src/wall.o
LOAD ./Core/Startup/startup_stm32f103c8tx.o
LOAD ./Drivers/STM32F1xx_HAL_Driver/Src/stm32f1xx_hal.o
LOAD ./Drivers/STM32F1xx_HAL_Driver/Src/stm32f1xx_hal_adc.o
LOAD ./Drivers/STM32F1xx_HAL_Driver/Src/stm32f1xx_hal_adc_ex.o
LOAD ./Drivers/STM32F1xx_HAL_Driver/Src/stm32f1xx_hal_cortex.o
LOAD ./Drivers/STM32F1xx_HAL_Driver/Src/stm32f1xx_hal_dma.o
LOAD ./Drivers/STM32F1xx_HAL_Driver/Src/stm32f1xx_hal_exti.o
LOAD ./Drivers/STM32F1xx_HAL_Driver/Src/stm32f1xx_hal_flash.o
LOAD ./Drivers/STM32F1xx_HAL_Driver/Src/stm32f1xx_hal_flash_ex.o
LOAD ./Drivers/STM32F1xx_HAL_Driver/Src/stm32f1xx_hal_gpio.o
LOAD ./Drivers/STM32F1xx_HAL_Driver/Src/stm32f1xx_hal_gpio_ex.o
LOAD ./Drivers/STM32F1xx_HAL_Driver/Src/stm32f1xx_hal_pwr.o
LOAD ./Drivers/STM32F1xx_HAL_Driver/Src/stm32f1xx_hal_rcc.o
LOAD ./Drivers/STM32F1xx_HAL_Driver/Src/stm32f1xx_hal_rcc_ex.o
LOAD ./Drivers/STM32F1xx_HAL_Driver/Src/stm32f1xx_hal_tim.o
LOAD ./Drivers/STM32F1xx_HAL_Driver/Src/stm32f1xx_hal_tim_ex.o
LOAD ./Drivers/STM32F1xx_HAL_Driver/Src/stm32f1xx_hal_uart.o
START GROUP
LOAD D:/STM32CubeIDE_1.16.1/STM32CubeIDE/plugins/com.st.stm32cube.ide.mcu.externaltools.gnu-tools-for-stm32.12.3.rel1.win32_1.0.200.202406191623/tools/bin/../lib/gcc/arm-none-eabi/12.3.1/../../../../arm-none-eabi/lib/thumb/v7-m/nofp\libc_nano.a
LOAD D:/STM32CubeIDE_1.16.1/STM32CubeIDE/plugins/com.st.stm32cube.ide.mcu.externaltools.gnu-tools-for-stm32.12.3.rel1.win32_1.0.200.202406191623/tools/bin/../lib/gcc/arm-none-eabi/12.3.1/../../../../arm-none-eabi/lib/thumb/v7-m/nofp\libm.a
END GROUP
START GROUP
LOAD D:/STM32CubeIDE_1.16.1/STM32CubeIDE/plugins/com.st.stm32cube.ide.mcu.externaltools.gnu-tools-for-stm32.12.3.rel1.win32_1.0.200.202406191623/tools/bin/../lib/gcc/arm-none-eabi/12.3.1/thumb/v7-m/nofp\libgcc.a
LOAD D:/STM32CubeIDE_1.16.1/STM32CubeIDE/plugins/com.st.stm32cube.ide.mcu.externaltools.gnu-tools-for-stm32.12.3.rel1.win32_1.0.200.202406191623/tools/bin/../lib/gcc/arm-none-eabi/12.3.1/../../../../arm-none-eabi/lib/thumb/v7-m/nofp\libc_nano.a
END GROUP
START GROUP
LOAD D:/STM32CubeIDE_1.16.1/STM32CubeIDE/plugins/com.st.stm32cube.ide.mcu.externaltools.gnu-tools-for-stm32.12.3.rel1.win32_1.0.200.202406191623/tools/bin/../lib/gcc/arm-none-eabi/12.3.1/thumb/v7-m/nofp\libgcc.a
LOAD D:/STM32CubeIDE_1.16.1/STM32CubeIDE/plugins/com.st.stm32cube.ide.mcu.externaltools.gnu-tools-for-stm32.12.3.rel1.win32_1.0.200.202406191623/tools/bin/../lib/gcc/arm-none-eabi/12.3.1/../../../../arm-none-eabi/lib/thumb/v7-m/nofp\libc_nano.a
LOAD D:/STM32CubeIDE_1.16.1/STM32CubeIDE/plugins/com.st.stm32cube.ide.mcu.externaltools.gnu-tools-for-stm32.12.3.rel1.win32_1.0.200.202406191623/tools/bin/../lib/gcc/arm-none-eabi/12.3.1/../../../../arm-none-eabi/lib/thumb/v7-m/nofp\libnosys.a
END GROUP
START GROUP
LOAD D:/STM32CubeIDE_1.16.1/STM32CubeIDE/plugins/com.st.stm32cube.ide.mcu.externaltools.gnu-tools-for-stm32.12.3.rel1.win32_1.0.200.202406191623/tools/bin/../lib/gcc/arm-none-eabi/12.3.1/thumb/v7-m/nofp\libgcc.a
LOAD D:/STM32CubeIDE_1.16.1/STM32CubeIDE/plugins/com.st.stm32cube.ide.mcu.externaltools.gnu-tools-for-stm32.12.3.rel1.win32_1.0.200.202406191623/tools/bin/../lib/gcc/arm-none-eabi/12.3.1/../../../../arm-none-eabi/lib/thumb/v7-m/nofp\libc_nano.a
LOAD D:/STM32CubeIDE_1.16.1/STM32CubeIDE/plugins/com.st.stm32cube.ide.mcu.externaltools.gnu-tools-for-stm32.12.3.rel1.win32_1.0.200.202406191623/tools/bin/../lib/gcc/arm-none-eabi/12.3.1/../../../../arm-none-eabi/lib/thumb/v7-m/nofp\libnosys.a
END GROUP
LOAD D:/STM32CubeIDE_1.16.1/STM32CubeIDE/plugins/com.st.stm32cube.ide.mcu.externaltools.gnu-tools-for-stm32.12.3.rel1.win32_1.0.200.202406191623/tools/bin/../lib/gcc/arm-none-eabi/12.3.1/thumb/v7-m/nofp/crtend.o
LOAD D:/STM32CubeIDE_1.16.1/STM32CubeIDE/plugins/com.st.stm32cube.ide.mcu.externaltools.gnu-tools-for-stm32.12.3.rel1.win32_1.0.200.202406191623/tools/bin/../lib/gcc/arm-none-eabi/12.3.1/thumb/v7-m/nofp/crtn.o
                0x20005000                        _estack = (ORIGIN (RAM) + LENGTH (RAM))
                0x00000200                        _Min_Heap_Size = 0x200
                0x00000400                        _Min_Stack_Size = 0x400

.isr_vector     0x08000000      0x10c
                0x08000000                        . = ALIGN (0x4)
 *(.isr_vector)
 .isr_vector    0x08000000      0x10c ./Core/Startup/startup_stm32f103c8tx.o
                0x08000000                g_pfnVectors
                0x0800010c                        . = ALIGN (0x4)

.text           0x08000110     0x4a90
                0x08000110                        . = ALIGN (0x4)
 *(.text)
 .text          0x08000110       0x40 D:/STM32CubeIDE_1.16.1/STM32CubeIDE/plugins/com.st.stm32cube.ide.mcu.externaltools.gnu-tools-for-stm32.12.3.rel1.win32_1.0.200.202406191623/tools/bin/../lib/gcc/arm-none-eabi/12.3.1/thumb/v7-m/nofp/crtbegin.o
 .text          0x08000150      0x254 D:/STM32CubeIDE_1.16.1/STM32CubeIDE/plugins/com.st.stm32cube.ide.mcu.externaltools.gnu-tools-for-stm32.12.3.rel1.win32_1.0.200.202406191623/tools/bin/../lib/gcc/arm-none-eabi/12.3.1/thumb/v7-m/nofp\libgcc.a(_arm_muldf3.o)
                0x08000150                __muldf3
                0x08000150                __aeabi_dmul
 .text          0x080003a4      0x378 D:/STM32CubeIDE_1.16.1/STM32CubeIDE/plugins/com.st.stm32cube.ide.mcu.externaltools.gnu-tools-for-stm32.12.3.rel1.win32_1.0.200.202406191623/tools/bin/../lib/gcc/arm-none-eabi/12.3.1/thumb/v7-m/nofp\libgcc.a(_arm_addsubdf3.o)
                0x080003a4                __aeabi_drsub
                0x080003ac                __aeabi_dsub
                0x080003ac                __subdf3
                0x080003b0                __aeabi_dadd
                0x080003b0                __adddf3
                0x08000628                __floatunsidf
                0x08000628                __aeabi_ui2d
                0x08000648                __floatsidf
                0x08000648                __aeabi_i2d
                0x0800066c                __aeabi_f2d
                0x0800066c                __extendsfdf2
                0x080006b0                __floatundidf
                0x080006b0                __aeabi_ul2d
                0x080006c0                __floatdidf
                0x080006c0                __aeabi_l2d
 .text          0x0800071c       0xa0 D:/STM32CubeIDE_1.16.1/STM32CubeIDE/plugins/com.st.stm32cube.ide.mcu.externaltools.gnu-tools-for-stm32.12.3.rel1.win32_1.0.200.202406191623/tools/bin/../lib/gcc/arm-none-eabi/12.3.1/thumb/v7-m/nofp\libgcc.a(_arm_truncdfsf2.o)
                0x0800071c                __truncdfsf2
                0x0800071c                __aeabi_d2f
 .text          0x080007bc      0x21c D:/STM32CubeIDE_1.16.1/STM32CubeIDE/plugins/com.st.stm32cube.ide.mcu.externaltools.gnu-tools-for-stm32.12.3.rel1.win32_1.0.200.202406191623/tools/bin/../lib/gcc/arm-none-eabi/12.3.1/thumb/v7-m/nofp\libgcc.a(_arm_addsubsf3.o)
                0x080007bc                __aeabi_frsub
                0x080007c4                __subsf3
                0x080007c4                __aeabi_fsub
                0x080007c8                __aeabi_fadd
                0x080007c8                __addsf3
                0x08000928                __aeabi_ui2f
                0x08000928                __floatunsisf
                0x08000930                __aeabi_i2f
                0x08000930                __floatsisf
                0x0800094c                __aeabi_ul2f
                0x0800094c                __floatundisf
                0x0800095c                __aeabi_l2f
                0x0800095c                __floatdisf
 .text          0x080009d8      0x2a0 D:/STM32CubeIDE_1.16.1/STM32CubeIDE/plugins/com.st.stm32cube.ide.mcu.externaltools.gnu-tools-for-stm32.12.3.rel1.win32_1.0.200.202406191623/tools/bin/../lib/gcc/arm-none-eabi/12.3.1/thumb/v7-m/nofp\libgcc.a(_arm_muldivsf3.o)
                0x080009d8                __mulsf3
                0x080009d8                __aeabi_fmul
                0x08000b40                __aeabi_fdiv
                0x08000b40                __divsf3
 *(.text*)
 .text.SpeedStatus
                0x08000c78      0x154 ./Core/Src/Motor.o
                0x08000c78                SpeedStatus
 .text.resetIR  0x08000dcc       0x38 ./Core/Src/Sensor.o
                0x08000dcc                resetIR
 .text.EncoderStatus
                0x08000e04      0x11c ./Core/Src/Sensor.o
                0x08000e04                EncoderStatus
 .text.delay_s  0x08000f20       0x2c ./Core/Src/Timer.o
                0x08000f20                delay_s
 .text.main     0x08000f4c       0xf8 ./Core/Src/main.o
                0x08000f4c                main
 .text.SystemClock_Config
                0x08001044       0xae ./Core/Src/main.o
                0x08001044                SystemClock_Config
 *fill*         0x080010f2        0x2 
 .text.MX_ADC1_Init
                0x080010f4       0xd4 ./Core/Src/main.o
 .text.MX_TIM1_Init
                0x080011c8      0x18c ./Core/Src/main.o
 .text.MX_TIM2_Init
                0x08001354       0xa8 ./Core/Src/main.o
 .text.MX_TIM3_Init
                0x080013fc       0xa8 ./Core/Src/main.o
 .text.MX_TIM4_Init
                0x080014a4       0x9c ./Core/Src/main.o
 .text.MX_USART1_UART_Init
                0x08001540       0x54 ./Core/Src/main.o
 .text.MX_DMA_Init
                0x08001594       0x3c ./Core/Src/main.o
 .text.MX_GPIO_Init
                0x080015d0       0xec ./Core/Src/main.o
 .text.HAL_TIM_IC_CaptureCallback
                0x080016bc       0x50 ./Core/Src/main.o
                0x080016bc                HAL_TIM_IC_CaptureCallback
 .text.HAL_TIM_PeriodElapsedCallback
                0x0800170c       0x28 ./Core/Src/main.o
                0x0800170c                HAL_TIM_PeriodElapsedCallback
 .text.Error_Handler
                0x08001734        0xc ./Core/Src/main.o
                0x08001734                Error_Handler
 .text.HAL_MspInit
                0x08001740       0x64 ./Core/Src/stm32f1xx_hal_msp.o
                0x08001740                HAL_MspInit
 .text.HAL_ADC_MspInit
                0x080017a4       0xd0 ./Core/Src/stm32f1xx_hal_msp.o
                0x080017a4                HAL_ADC_MspInit
 .text.HAL_TIM_Base_MspInit
                0x08001874       0x74 ./Core/Src/stm32f1xx_hal_msp.o
                0x08001874                HAL_TIM_Base_MspInit
 .text.HAL_TIM_Encoder_MspInit
                0x080018e8      0x174 ./Core/Src/stm32f1xx_hal_msp.o
                0x080018e8                HAL_TIM_Encoder_MspInit
 .text.HAL_TIM_MspPostInit
                0x08001a5c       0x68 ./Core/Src/stm32f1xx_hal_msp.o
                0x08001a5c                HAL_TIM_MspPostInit
 .text.HAL_UART_MspInit
                0x08001ac4       0xb4 ./Core/Src/stm32f1xx_hal_msp.o
                0x08001ac4                HAL_UART_MspInit
 .text.NMI_Handler
                0x08001b78        0x8 ./Core/Src/stm32f1xx_it.o
                0x08001b78                NMI_Handler
 .text.HardFault_Handler
                0x08001b80        0x8 ./Core/Src/stm32f1xx_it.o
                0x08001b80                HardFault_Handler
 .text.MemManage_Handler
                0x08001b88        0x8 ./Core/Src/stm32f1xx_it.o
                0x08001b88                MemManage_Handler
 .text.BusFault_Handler
                0x08001b90        0x8 ./Core/Src/stm32f1xx_it.o
                0x08001b90                BusFault_Handler
 .text.UsageFault_Handler
                0x08001b98        0x8 ./Core/Src/stm32f1xx_it.o
                0x08001b98                UsageFault_Handler
 .text.SVC_Handler
                0x08001ba0        0xc ./Core/Src/stm32f1xx_it.o
                0x08001ba0                SVC_Handler
 .text.DebugMon_Handler
                0x08001bac        0xc ./Core/Src/stm32f1xx_it.o
                0x08001bac                DebugMon_Handler
 .text.PendSV_Handler
                0x08001bb8        0xc ./Core/Src/stm32f1xx_it.o
                0x08001bb8                PendSV_Handler
 .text.SysTick_Handler
                0x08001bc4        0xc ./Core/Src/stm32f1xx_it.o
                0x08001bc4                SysTick_Handler
 .text.DMA1_Channel1_IRQHandler
                0x08001bd0       0x14 ./Core/Src/stm32f1xx_it.o
                0x08001bd0                DMA1_Channel1_IRQHandler
 .text.TIM2_IRQHandler
                0x08001be4       0x14 ./Core/Src/stm32f1xx_it.o
                0x08001be4                TIM2_IRQHandler
 .text.TIM3_IRQHandler
                0x08001bf8       0x14 ./Core/Src/stm32f1xx_it.o
                0x08001bf8                TIM3_IRQHandler
 .text.TIM4_IRQHandler
                0x08001c0c       0x14 ./Core/Src/stm32f1xx_it.o
                0x08001c0c                TIM4_IRQHandler
 .text.SystemInit
                0x08001c20        0xc ./Core/Src/system_stm32f1xx.o
                0x08001c20                SystemInit
 .text.Reset_Handler
                0x08001c2c       0x48 ./Core/Startup/startup_stm32f103c8tx.o
                0x08001c2c                Reset_Handler
 .text.Default_Handler
                0x08001c74        0x2 ./Core/Startup/startup_stm32f103c8tx.o
                0x08001c74                RTC_Alarm_IRQHandler
                0x08001c74                EXTI2_IRQHandler
                0x08001c74                TIM1_CC_IRQHandler
                0x08001c74                PVD_IRQHandler
                0x08001c74                EXTI3_IRQHandler
                0x08001c74                EXTI0_IRQHandler
                0x08001c74                I2C2_EV_IRQHandler
                0x08001c74                ADC1_2_IRQHandler
                0x08001c74                SPI1_IRQHandler
                0x08001c74                TAMPER_IRQHandler
                0x08001c74                DMA1_Channel4_IRQHandler
                0x08001c74                USART3_IRQHandler
                0x08001c74                RTC_IRQHandler
                0x08001c74                DMA1_Channel7_IRQHandler
                0x08001c74                CAN1_RX1_IRQHandler
                0x08001c74                I2C1_EV_IRQHandler
                0x08001c74                DMA1_Channel6_IRQHandler
                0x08001c74                RCC_IRQHandler
                0x08001c74                TIM1_TRG_COM_IRQHandler
                0x08001c74                Default_Handler
                0x08001c74                EXTI15_10_IRQHandler
                0x08001c74                EXTI9_5_IRQHandler
                0x08001c74                SPI2_IRQHandler
                0x08001c74                DMA1_Channel5_IRQHandler
                0x08001c74                EXTI4_IRQHandler
                0x08001c74                USB_LP_CAN1_RX0_IRQHandler
                0x08001c74                USB_HP_CAN1_TX_IRQHandler
                0x08001c74                DMA1_Channel3_IRQHandler
                0x08001c74                TIM1_UP_IRQHandler
                0x08001c74                WWDG_IRQHandler
                0x08001c74                TIM1_BRK_IRQHandler
                0x08001c74                EXTI1_IRQHandler
                0x08001c74                USART2_IRQHandler
                0x08001c74                I2C2_ER_IRQHandler
                0x08001c74                DMA1_Channel2_IRQHandler
                0x08001c74                CAN1_SCE_IRQHandler
                0x08001c74                FLASH_IRQHandler
                0x08001c74                USART1_IRQHandler
                0x08001c74                I2C1_ER_IRQHandler
                0x08001c74                USBWakeUp_IRQHandler
 *fill*         0x08001c76        0x2 
 .text.HAL_Init
                0x08001c78       0x2c ./Drivers/STM32F1xx_HAL_Driver/Src/stm32f1xx_hal.o
                0x08001c78                HAL_Init
 .text.HAL_InitTick
                0x08001ca4       0x60 ./Drivers/STM32F1xx_HAL_Driver/Src/stm32f1xx_hal.o
                0x08001ca4                HAL_InitTick
 .text.HAL_IncTick
                0x08001d04       0x24 ./Drivers/STM32F1xx_HAL_Driver/Src/stm32f1xx_hal.o
                0x08001d04                HAL_IncTick
 .text.HAL_GetTick
                0x08001d28       0x14 ./Drivers/STM32F1xx_HAL_Driver/Src/stm32f1xx_hal.o
                0x08001d28                HAL_GetTick
 .text.HAL_ADC_Init
                0x08001d3c      0x1b0 ./Drivers/STM32F1xx_HAL_Driver/Src/stm32f1xx_hal_adc.o
                0x08001d3c                HAL_ADC_Init
 .text.HAL_ADC_Start_DMA
                0x08001eec      0x1bc ./Drivers/STM32F1xx_HAL_Driver/Src/stm32f1xx_hal_adc.o
                0x08001eec                HAL_ADC_Start_DMA
 .text.HAL_ADC_ConvCpltCallback
                0x080020a8       0x12 ./Drivers/STM32F1xx_HAL_Driver/Src/stm32f1xx_hal_adc.o
                0x080020a8                HAL_ADC_ConvCpltCallback
 .text.HAL_ADC_ConvHalfCpltCallback
                0x080020ba       0x12 ./Drivers/STM32F1xx_HAL_Driver/Src/stm32f1xx_hal_adc.o
                0x080020ba                HAL_ADC_ConvHalfCpltCallback
 .text.HAL_ADC_ErrorCallback
                0x080020cc       0x12 ./Drivers/STM32F1xx_HAL_Driver/Src/stm32f1xx_hal_adc.o
                0x080020cc                HAL_ADC_ErrorCallback
 *fill*         0x080020de        0x2 
 .text.HAL_ADC_ConfigChannel
                0x080020e0      0x1f0 ./Drivers/STM32F1xx_HAL_Driver/Src/stm32f1xx_hal_adc.o
                0x080020e0                HAL_ADC_ConfigChannel
 .text.ADC_Enable
                0x080022d0       0xb4 ./Drivers/STM32F1xx_HAL_Driver/Src/stm32f1xx_hal_adc.o
                0x080022d0                ADC_Enable
 .text.ADC_ConversionStop_Disable
                0x08002384       0x82 ./Drivers/STM32F1xx_HAL_Driver/Src/stm32f1xx_hal_adc.o
                0x08002384                ADC_ConversionStop_Disable
 .text.ADC_DMAConvCplt
                0x08002406       0x7c ./Drivers/STM32F1xx_HAL_Driver/Src/stm32f1xx_hal_adc.o
                0x08002406                ADC_DMAConvCplt
 .text.ADC_DMAHalfConvCplt
                0x08002482       0x1c ./Drivers/STM32F1xx_HAL_Driver/Src/stm32f1xx_hal_adc.o
                0x08002482                ADC_DMAHalfConvCplt
 .text.ADC_DMAError
                0x0800249e       0x34 ./Drivers/STM32F1xx_HAL_Driver/Src/stm32f1xx_hal_adc.o
                0x0800249e                ADC_DMAError
 *fill*         0x080024d2        0x2 
 .text.__NVIC_SetPriorityGrouping
                0x080024d4       0x48 ./Drivers/STM32F1xx_HAL_Driver/Src/stm32f1xx_hal_cortex.o
 .text.__NVIC_GetPriorityGrouping
                0x0800251c       0x1c ./Drivers/STM32F1xx_HAL_Driver/Src/stm32f1xx_hal_cortex.o
 .text.__NVIC_EnableIRQ
                0x08002538       0x38 ./Drivers/STM32F1xx_HAL_Driver/Src/stm32f1xx_hal_cortex.o
 .text.__NVIC_SetPriority
                0x08002570       0x54 ./Drivers/STM32F1xx_HAL_Driver/Src/stm32f1xx_hal_cortex.o
 .text.NVIC_EncodePriority
                0x080025c4       0x64 ./Drivers/STM32F1xx_HAL_Driver/Src/stm32f1xx_hal_cortex.o
 .text.SysTick_Config
                0x08002628       0x44 ./Drivers/STM32F1xx_HAL_Driver/Src/stm32f1xx_hal_cortex.o
 .text.HAL_NVIC_SetPriorityGrouping
                0x0800266c       0x16 ./Drivers/STM32F1xx_HAL_Driver/Src/stm32f1xx_hal_cortex.o
                0x0800266c                HAL_NVIC_SetPriorityGrouping
 .text.HAL_NVIC_SetPriority
                0x08002682       0x38 ./Drivers/STM32F1xx_HAL_Driver/Src/stm32f1xx_hal_cortex.o
                0x08002682                HAL_NVIC_SetPriority
 .text.HAL_NVIC_EnableIRQ
                0x080026ba       0x1c ./Drivers/STM32F1xx_HAL_Driver/Src/stm32f1xx_hal_cortex.o
                0x080026ba                HAL_NVIC_EnableIRQ
 .text.HAL_SYSTICK_Config
                0x080026d6       0x18 ./Drivers/STM32F1xx_HAL_Driver/Src/stm32f1xx_hal_cortex.o
                0x080026d6                HAL_SYSTICK_Config
 *fill*         0x080026ee        0x2 
 .text.HAL_DMA_Init
                0x080026f0       0xb4 ./Drivers/STM32F1xx_HAL_Driver/Src/stm32f1xx_hal_dma.o
                0x080026f0                HAL_DMA_Init
 .text.HAL_DMA_Start_IT
                0x080027a4       0xc0 ./Drivers/STM32F1xx_HAL_Driver/Src/stm32f1xx_hal_dma.o
                0x080027a4                HAL_DMA_Start_IT
 .text.HAL_DMA_IRQHandler
                0x08002864      0x20c ./Drivers/STM32F1xx_HAL_Driver/Src/stm32f1xx_hal_dma.o
                0x08002864                HAL_DMA_IRQHandler
 .text.DMA_SetConfig
                0x08002a70       0x5a ./Drivers/STM32F1xx_HAL_Driver/Src/stm32f1xx_hal_dma.o
 *fill*         0x08002aca        0x2 
 .text.HAL_GPIO_Init
                0x08002acc      0x308 ./Drivers/STM32F1xx_HAL_Driver/Src/stm32f1xx_hal_gpio.o
                0x08002acc                HAL_GPIO_Init
 .text.HAL_GPIO_WritePin
                0x08002dd4       0x30 ./Drivers/STM32F1xx_HAL_Driver/Src/stm32f1xx_hal_gpio.o
                0x08002dd4                HAL_GPIO_WritePin
 .text.HAL_RCC_OscConfig
                0x08002e04      0x504 ./Drivers/STM32F1xx_HAL_Driver/Src/stm32f1xx_hal_rcc.o
                0x08002e04                HAL_RCC_OscConfig
 .text.HAL_RCC_ClockConfig
                0x08003308      0x1d4 ./Drivers/STM32F1xx_HAL_Driver/Src/stm32f1xx_hal_rcc.o
                0x08003308                HAL_RCC_ClockConfig
 .text.HAL_RCC_GetSysClockFreq
                0x080034dc       0xa8 ./Drivers/STM32F1xx_HAL_Driver/Src/stm32f1xx_hal_rcc.o
                0x080034dc                HAL_RCC_GetSysClockFreq
 .text.HAL_RCC_GetHCLKFreq
                0x08003584       0x14 ./Drivers/STM32F1xx_HAL_Driver/Src/stm32f1xx_hal_rcc.o
                0x08003584                HAL_RCC_GetHCLKFreq
 .text.HAL_RCC_GetPCLK1Freq
                0x08003598       0x28 ./Drivers/STM32F1xx_HAL_Driver/Src/stm32f1xx_hal_rcc.o
                0x08003598                HAL_RCC_GetPCLK1Freq
 .text.HAL_RCC_GetPCLK2Freq
                0x080035c0       0x28 ./Drivers/STM32F1xx_HAL_Driver/Src/stm32f1xx_hal_rcc.o
                0x080035c0                HAL_RCC_GetPCLK2Freq
 .text.RCC_Delay
                0x080035e8       0x3c ./Drivers/STM32F1xx_HAL_Driver/Src/stm32f1xx_hal_rcc.o
 .text.HAL_RCCEx_PeriphCLKConfig
                0x08003624      0x16c ./Drivers/STM32F1xx_HAL_Driver/Src/stm32f1xx_hal_rcc_ex.o
                0x08003624                HAL_RCCEx_PeriphCLKConfig
 .text.HAL_TIM_Base_Init
                0x08003790       0x9e ./Drivers/STM32F1xx_HAL_Driver/Src/stm32f1xx_hal_tim.o
                0x08003790                HAL_TIM_Base_Init
 *fill*         0x0800382e        0x2 
 .text.HAL_TIM_Base_Start_IT
                0x08003830       0xa4 ./Drivers/STM32F1xx_HAL_Driver/Src/stm32f1xx_hal_tim.o
                0x08003830                HAL_TIM_Base_Start_IT
 .text.HAL_TIM_PWM_Init
                0x080038d4       0x9e ./Drivers/STM32F1xx_HAL_Driver/Src/stm32f1xx_hal_tim.o
                0x080038d4                HAL_TIM_PWM_Init
 .text.HAL_TIM_PWM_MspInit
                0x08003972       0x12 ./Drivers/STM32F1xx_HAL_Driver/Src/stm32f1xx_hal_tim.o
                0x08003972                HAL_TIM_PWM_MspInit
 .text.HAL_TIM_PWM_Start
                0x08003984      0x144 ./Drivers/STM32F1xx_HAL_Driver/Src/stm32f1xx_hal_tim.o
                0x08003984                HAL_TIM_PWM_Start
 .text.HAL_TIM_Encoder_Init
                0x08003ac8      0x144 ./Drivers/STM32F1xx_HAL_Driver/Src/stm32f1xx_hal_tim.o
                0x08003ac8                HAL_TIM_Encoder_Init
 .text.HAL_TIM_Encoder_Start_IT
                0x08003c0c      0x15c ./Drivers/STM32F1xx_HAL_Driver/Src/stm32f1xx_hal_tim.o
                0x08003c0c                HAL_TIM_Encoder_Start_IT
 .text.HAL_TIM_IRQHandler
                0x08003d68      0x1e0 ./Drivers/STM32F1xx_HAL_Driver/Src/stm32f1xx_hal_tim.o
                0x08003d68                HAL_TIM_IRQHandler
 .text.HAL_TIM_PWM_ConfigChannel
                0x08003f48      0x184 ./Drivers/STM32F1xx_HAL_Driver/Src/stm32f1xx_hal_tim.o
                0x08003f48                HAL_TIM_PWM_ConfigChannel
 .text.HAL_TIM_ConfigClockSource
                0x080040cc      0x18e ./Drivers/STM32F1xx_HAL_Driver/Src/stm32f1xx_hal_tim.o
                0x080040cc                HAL_TIM_ConfigClockSource
 .text.HAL_TIM_OC_DelayElapsedCallback
                0x0800425a       0x12 ./Drivers/STM32F1xx_HAL_Driver/Src/stm32f1xx_hal_tim.o
                0x0800425a                HAL_TIM_OC_DelayElapsedCallback
 .text.HAL_TIM_PWM_PulseFinishedCallback
                0x0800426c       0x12 ./Drivers/STM32F1xx_HAL_Driver/Src/stm32f1xx_hal_tim.o
                0x0800426c                HAL_TIM_PWM_PulseFinishedCallback
 .text.HAL_TIM_TriggerCallback
                0x0800427e       0x12 ./Drivers/STM32F1xx_HAL_Driver/Src/stm32f1xx_hal_tim.o
                0x0800427e                HAL_TIM_TriggerCallback
 .text.TIM_Base_SetConfig
                0x08004290       0xdc ./Drivers/STM32F1xx_HAL_Driver/Src/stm32f1xx_hal_tim.o
                0x08004290                TIM_Base_SetConfig
 .text.TIM_OC1_SetConfig
                0x0800436c       0xcc ./Drivers/STM32F1xx_HAL_Driver/Src/stm32f1xx_hal_tim.o
 .text.TIM_OC2_SetConfig
                0x08004438       0xd4 ./Drivers/STM32F1xx_HAL_Driver/Src/stm32f1xx_hal_tim.o
                0x08004438                TIM_OC2_SetConfig
 .text.TIM_OC3_SetConfig
                0x0800450c       0xd4 ./Drivers/STM32F1xx_HAL_Driver/Src/stm32f1xx_hal_tim.o
 .text.TIM_OC4_SetConfig
                0x080045e0       0x9c ./Drivers/STM32F1xx_HAL_Driver/Src/stm32f1xx_hal_tim.o
 .text.TIM_TI1_ConfigInputStage
                0x0800467c       0x5c ./Drivers/STM32F1xx_HAL_Driver/Src/stm32f1xx_hal_tim.o
 .text.TIM_TI2_ConfigInputStage
                0x080046d8       0x5e ./Drivers/STM32F1xx_HAL_Driver/Src/stm32f1xx_hal_tim.o
 .text.TIM_ITRx_SetConfig
                0x08004736       0x34 ./Drivers/STM32F1xx_HAL_Driver/Src/stm32f1xx_hal_tim.o
 .text.TIM_ETR_SetConfig
                0x0800476a       0x3e ./Drivers/STM32F1xx_HAL_Driver/Src/stm32f1xx_hal_tim.o
                0x0800476a                TIM_ETR_SetConfig
 .text.TIM_CCxChannelCmd
                0x080047a8       0x48 ./Drivers/STM32F1xx_HAL_Driver/Src/stm32f1xx_hal_tim.o
                0x080047a8                TIM_CCxChannelCmd
 .text.HAL_TIMEx_MasterConfigSynchronization
                0x080047f0       0xbc ./Drivers/STM32F1xx_HAL_Driver/Src/stm32f1xx_hal_tim_ex.o
                0x080047f0                HAL_TIMEx_MasterConfigSynchronization
 .text.HAL_TIMEx_ConfigBreakDeadTime
                0x080048ac       0xa2 ./Drivers/STM32F1xx_HAL_Driver/Src/stm32f1xx_hal_tim_ex.o
                0x080048ac                HAL_TIMEx_ConfigBreakDeadTime
 .text.HAL_TIMEx_CommutCallback
                0x0800494e       0x12 ./Drivers/STM32F1xx_HAL_Driver/Src/stm32f1xx_hal_tim_ex.o
                0x0800494e                HAL_TIMEx_CommutCallback
 .text.HAL_TIMEx_BreakCallback
                0x08004960       0x12 ./Drivers/STM32F1xx_HAL_Driver/Src/stm32f1xx_hal_tim_ex.o
                0x08004960                HAL_TIMEx_BreakCallback
 .text.HAL_UART_Init
                0x08004972       0xa0 ./Drivers/STM32F1xx_HAL_Driver/Src/stm32f1xx_hal_uart.o
                0x08004972                HAL_UART_Init
 *fill*         0x08004a12        0x2 
 .text.UART_SetConfig
                0x08004a14      0x11c ./Drivers/STM32F1xx_HAL_Driver/Src/stm32f1xx_hal_uart.o
 .text.memset   0x08004b30       0x10 D:/STM32CubeIDE_1.16.1/STM32CubeIDE/plugins/com.st.stm32cube.ide.mcu.externaltools.gnu-tools-for-stm32.12.3.rel1.win32_1.0.200.202406191623/tools/bin/../lib/gcc/arm-none-eabi/12.3.1/../../../../arm-none-eabi/lib/thumb/v7-m/nofp\libc_nano.a(libc_a-memset.o)
                0x08004b30                memset
 .text.__libc_init_array
                0x08004b40       0x48 D:/STM32CubeIDE_1.16.1/STM32CubeIDE/plugins/com.st.stm32cube.ide.mcu.externaltools.gnu-tools-for-stm32.12.3.rel1.win32_1.0.200.202406191623/tools/bin/../lib/gcc/arm-none-eabi/12.3.1/../../../../arm-none-eabi/lib/thumb/v7-m/nofp\libc_nano.a(libc_a-init.o)
                0x08004b40                __libc_init_array
 *(.glue_7)
 .glue_7        0x08004b88        0x0 linker stubs
 *(.glue_7t)
 .glue_7t       0x08004b88        0x0 linker stubs
 *(.eh_frame)
 .eh_frame      0x08004b88        0x0 D:/STM32CubeIDE_1.16.1/STM32CubeIDE/plugins/com.st.stm32cube.ide.mcu.externaltools.gnu-tools-for-stm32.12.3.rel1.win32_1.0.200.202406191623/tools/bin/../lib/gcc/arm-none-eabi/12.3.1/thumb/v7-m/nofp/crtbegin.o
 *(.init)
 .init          0x08004b88        0x4 D:/STM32CubeIDE_1.16.1/STM32CubeIDE/plugins/com.st.stm32cube.ide.mcu.externaltools.gnu-tools-for-stm32.12.3.rel1.win32_1.0.200.202406191623/tools/bin/../lib/gcc/arm-none-eabi/12.3.1/thumb/v7-m/nofp/crti.o
                0x08004b88                _init
 .init          0x08004b8c        0x8 D:/STM32CubeIDE_1.16.1/STM32CubeIDE/plugins/com.st.stm32cube.ide.mcu.externaltools.gnu-tools-for-stm32.12.3.rel1.win32_1.0.200.202406191623/tools/bin/../lib/gcc/arm-none-eabi/12.3.1/thumb/v7-m/nofp/crtn.o
 *(.fini)
 .fini          0x08004b94        0x4 D:/STM32CubeIDE_1.16.1/STM32CubeIDE/plugins/com.st.stm32cube.ide.mcu.externaltools.gnu-tools-for-stm32.12.3.rel1.win32_1.0.200.202406191623/tools/bin/../lib/gcc/arm-none-eabi/12.3.1/thumb/v7-m/nofp/crti.o
                0x08004b94                _fini
 .fini          0x08004b98        0x8 D:/STM32CubeIDE_1.16.1/STM32CubeIDE/plugins/com.st.stm32cube.ide.mcu.externaltools.gnu-tools-for-stm32.12.3.rel1.win32_1.0.200.202406191623/tools/bin/../lib/gcc/arm-none-eabi/12.3.1/thumb/v7-m/nofp/crtn.o
                0x08004ba0                        . = ALIGN (0x4)
                0x08004ba0                        _etext = .

.vfp11_veneer   0x08004ba0        0x0
 .vfp11_veneer  0x08004ba0        0x0 linker stubs

.v4_bx          0x08004ba0        0x0
 .v4_bx         0x08004ba0        0x0 linker stubs

.iplt           0x08004ba0        0x0
 .iplt          0x08004ba0        0x0 D:/STM32CubeIDE_1.16.1/STM32CubeIDE/plugins/com.st.stm32cube.ide.mcu.externaltools.gnu-tools-for-stm32.12.3.rel1.win32_1.0.200.202406191623/tools/bin/../lib/gcc/arm-none-eabi/12.3.1/thumb/v7-m/nofp/crtbegin.o

.rodata         0x08004ba0       0x2c
                0x08004ba0                        . = ALIGN (0x4)
 *(.rodata)
 *(.rodata*)
 .rodata.AHBPrescTable
                0x08004ba0       0x10 ./Core/Src/system_stm32f1xx.o
                0x08004ba0                AHBPrescTable
 .rodata.APBPrescTable
                0x08004bb0        0x8 ./Core/Src/system_stm32f1xx.o
                0x08004bb0                APBPrescTable
 .rodata.aPLLMULFactorTable.1
                0x08004bb8       0x10 ./Drivers/STM32F1xx_HAL_Driver/Src/stm32f1xx_hal_rcc.o
 .rodata.aPredivFactorTable.0
                0x08004bc8        0x2 ./Drivers/STM32F1xx_HAL_Driver/Src/stm32f1xx_hal_rcc.o
                0x08004bcc                        . = ALIGN (0x4)
 *fill*         0x08004bca        0x2 

.ARM.extab      0x08004bcc        0x0
                0x08004bcc                        . = ALIGN (0x4)
 *(.ARM.extab* .gnu.linkonce.armextab.*)
                0x08004bcc                        . = ALIGN (0x4)

.ARM            0x08004bcc        0x0
                0x08004bcc                        . = ALIGN (0x4)
                0x08004bcc                        __exidx_start = .
 *(.ARM.exidx*)
                0x08004bcc                        __exidx_end = .
                0x08004bcc                        . = ALIGN (0x4)

.preinit_array  0x08004bcc        0x0
                0x08004bcc                        . = ALIGN (0x4)
                0x08004bcc                        PROVIDE (__preinit_array_start = .)
 *(.preinit_array*)
                0x08004bcc                        PROVIDE (__preinit_array_end = .)
                0x08004bcc                        . = ALIGN (0x4)

.init_array     0x08004bcc        0x4
                0x08004bcc                        . = ALIGN (0x4)
                0x08004bcc                        PROVIDE (__init_array_start = .)
 *(SORT_BY_NAME(.init_array.*))
 *(.init_array*)
 .init_array    0x08004bcc        0x4 D:/STM32CubeIDE_1.16.1/STM32CubeIDE/plugins/com.st.stm32cube.ide.mcu.externaltools.gnu-tools-for-stm32.12.3.rel1.win32_1.0.200.202406191623/tools/bin/../lib/gcc/arm-none-eabi/12.3.1/thumb/v7-m/nofp/crtbegin.o
                0x08004bd0                        PROVIDE (__init_array_end = .)
                0x08004bd0                        . = ALIGN (0x4)

.fini_array     0x08004bd0        0x4
                0x08004bd0                        . = ALIGN (0x4)
                [!provide]                        PROVIDE (__fini_array_start = .)
 *(SORT_BY_NAME(.fini_array.*))
 *(.fini_array*)
 .fini_array    0x08004bd0        0x4 D:/STM32CubeIDE_1.16.1/STM32CubeIDE/plugins/com.st.stm32cube.ide.mcu.externaltools.gnu-tools-for-stm32.12.3.rel1.win32_1.0.200.202406191623/tools/bin/../lib/gcc/arm-none-eabi/12.3.1/thumb/v7-m/nofp/crtbegin.o
                [!provide]                        PROVIDE (__fini_array_end = .)
                0x08004bd4                        . = ALIGN (0x4)
                0x08004bd4                        _sidata = LOADADDR (.data)

.rel.dyn        0x08004bd4        0x0
 .rel.iplt      0x08004bd4        0x0 D:/STM32CubeIDE_1.16.1/STM32CubeIDE/plugins/com.st.stm32cube.ide.mcu.externaltools.gnu-tools-for-stm32.12.3.rel1.win32_1.0.200.202406191623/tools/bin/../lib/gcc/arm-none-eabi/12.3.1/thumb/v7-m/nofp/crtbegin.o

.data           0x20000000        0xc load address 0x08004bd4
                0x20000000                        . = ALIGN (0x4)
                0x20000000                        _sdata = .
 *(.data)
 *(.data*)
 .data.SystemCoreClock
                0x20000000        0x4 ./Core/Src/system_stm32f1xx.o
                0x20000000                SystemCoreClock
 .data.uwTickPrio
                0x20000004        0x4 ./Drivers/STM32F1xx_HAL_Driver/Src/stm32f1xx_hal.o
                0x20000004                uwTickPrio
 .data.uwTickFreq
                0x20000008        0x1 ./Drivers/STM32F1xx_HAL_Driver/Src/stm32f1xx_hal.o
                0x20000008                uwTickFreq
 *(.RamFunc)
 *(.RamFunc*)
                0x2000000c                        . = ALIGN (0x4)
 *fill*         0x20000009        0x3 
                0x2000000c                        _edata = .

.igot.plt       0x2000000c        0x0 load address 0x08004be0
 .igot.plt      0x2000000c        0x0 D:/STM32CubeIDE_1.16.1/STM32CubeIDE/plugins/com.st.stm32cube.ide.mcu.externaltools.gnu-tools-for-stm32.12.3.rel1.win32_1.0.200.202406191623/tools/bin/../lib/gcc/arm-none-eabi/12.3.1/thumb/v7-m/nofp/crtbegin.o
                0x2000000c                        . = ALIGN (0x4)

.bss            0x2000000c      0x258 load address 0x08004be0
                0x2000000c                        _sbss = .
                0x2000000c                        __bss_start__ = _sbss
 *(.bss)
 .bss           0x2000000c       0x1c D:/STM32CubeIDE_1.16.1/STM32CubeIDE/plugins/com.st.stm32cube.ide.mcu.externaltools.gnu-tools-for-stm32.12.3.rel1.win32_1.0.200.202406191623/tools/bin/../lib/gcc/arm-none-eabi/12.3.1/thumb/v7-m/nofp/crtbegin.o
 *(.bss*)
 .bss.SpeedL    0x20000028        0x4 ./Core/Src/Motor.o
                0x20000028                SpeedL
 .bss.SpeedR    0x2000002c        0x4 ./Core/Src/Motor.o
                0x2000002c                SpeedR
 .bss.leftEncoder5ms
                0x20000030        0x4 ./Core/Src/Motor.o
                0x20000030                leftEncoder5ms
 .bss.rightEncoder5ms
                0x20000034        0x4 ./Core/Src/Motor.o
                0x20000034                rightEncoder5ms
 .bss.xErrorLR  0x20000038        0x4 ./Core/Src/Motor.o
                0x20000038                xErrorLR
 .bss.wErrorLR  0x2000003c        0x4 ./Core/Src/Motor.o
                0x2000003c                wErrorLR
 .bss.en_value1
                0x20000040        0x4 ./Core/Src/Sensor.o
                0x20000040                en_value1
 .bss.en_value2
                0x20000044        0x4 ./Core/Src/Sensor.o
                0x20000044                en_value2
 .bss.ADC_VAL   0x20000048       0x10 ./Core/Src/Sensor.o
                0x20000048                ADC_VAL
 .bss.leftEncoderchange
                0x20000058        0x4 ./Core/Src/Sensor.o
                0x20000058                leftEncoderchange
 .bss.rightEncoderchange
                0x2000005c        0x4 ./Core/Src/Sensor.o
                0x2000005c                rightEncoderchange
 .bss.encoderChange
                0x20000060        0x4 ./Core/Src/Sensor.o
                0x20000060                encoderChange
 .bss.leftEncodercount
                0x20000064        0x4 ./Core/Src/Sensor.o
                0x20000064                leftEncodercount
 .bss.rightEncodercount
                0x20000068        0x4 ./Core/Src/Sensor.o
                0x20000068                rightEncodercount
 .bss.encoderCount
                0x2000006c        0x4 ./Core/Src/Sensor.o
                0x2000006c                encoderCount
 .bss.distanceLeft
                0x20000070        0x4 ./Core/Src/Sensor.o
                0x20000070                distanceLeft
 .bss.leftEncoderOld
                0x20000074        0x4 ./Core/Src/Sensor.o
                0x20000074                leftEncoderOld
 .bss.rightEncoderOld
                0x20000078        0x4 ./Core/Src/Sensor.o
                0x20000078                rightEncoderOld
 .bss.Millis    0x2000007c        0x4 ./Core/Src/Timer.o
                0x2000007c                Millis
 .bss.oldTime   0x20000080        0x4 ./Core/Src/Timer.o
                0x20000080                oldTime
 .bss.hadc1     0x20000084       0x30 ./Core/Src/main.o
                0x20000084                hadc1
 .bss.hdma_adc1
                0x200000b4       0x44 ./Core/Src/main.o
                0x200000b4                hdma_adc1
 .bss.htim1     0x200000f8       0x48 ./Core/Src/main.o
                0x200000f8                htim1
 .bss.htim2     0x20000140       0x48 ./Core/Src/main.o
                0x20000140                htim2
 .bss.htim3     0x20000188       0x48 ./Core/Src/main.o
                0x20000188                htim3
 .bss.htim4     0x200001d0       0x48 ./Core/Src/main.o
                0x200001d0                htim4
 .bss.huart1    0x20000218       0x48 ./Core/Src/main.o
                0x20000218                huart1
 .bss.uwTick    0x20000260        0x4 ./Drivers/STM32F1xx_HAL_Driver/Src/stm32f1xx_hal.o
                0x20000260                uwTick
 *(COMMON)
                0x20000264                        . = ALIGN (0x4)
                0x20000264                        _ebss = .
                0x20000264                        __bss_end__ = _ebss

._user_heap_stack
                0x20000264      0x604 load address 0x08004be0
                0x20000268                        . = ALIGN (0x8)
 *fill*         0x20000264        0x4 
                [!provide]                        PROVIDE (end = .)
                0x20000268                        PROVIDE (_end = .)
                0x20000468                        . = (. + _Min_Heap_Size)
 *fill*         0x20000268      0x200 
                0x20000868                        . = (. + _Min_Stack_Size)
 *fill*         0x20000468      0x400 
                0x20000868                        . = ALIGN (0x8)

/DISCARD/
 libc.a(*)
 libm.a(*)
 libgcc.a(*)

.ARM.attributes
                0x00000000       0x29
 *(.ARM.attributes)
 .ARM.attributes
                0x00000000       0x1d D:/STM32CubeIDE_1.16.1/STM32CubeIDE/plugins/com.st.stm32cube.ide.mcu.externaltools.gnu-tools-for-stm32.12.3.rel1.win32_1.0.200.202406191623/tools/bin/../lib/gcc/arm-none-eabi/12.3.1/thumb/v7-m/nofp/crti.o
 .ARM.attributes
                0x0000001d       0x2d D:/STM32CubeIDE_1.16.1/STM32CubeIDE/plugins/com.st.stm32cube.ide.mcu.externaltools.gnu-tools-for-stm32.12.3.rel1.win32_1.0.200.202406191623/tools/bin/../lib/gcc/arm-none-eabi/12.3.1/thumb/v7-m/nofp/crtbegin.o
 .ARM.attributes
                0x0000004a       0x2d ./Core/Src/Motor.o
 .ARM.attributes
                0x00000077       0x2d ./Core/Src/Sensor.o
 .ARM.attributes
                0x000000a4       0x2d ./Core/Src/Timer.o
 .ARM.attributes
                0x000000d1       0x2d ./Core/Src/main.o
 .ARM.attributes
                0x000000fe       0x2d ./Core/Src/stm32f1xx_hal_msp.o
 .ARM.attributes
                0x0000012b       0x2d ./Core/Src/stm32f1xx_it.o
 .ARM.attributes
                0x00000158       0x2d ./Core/Src/system_stm32f1xx.o
 .ARM.attributes
                0x00000185       0x21 ./Core/Startup/startup_stm32f103c8tx.o
 .ARM.attributes
                0x000001a6       0x2d ./Drivers/STM32F1xx_HAL_Driver/Src/stm32f1xx_hal.o
 .ARM.attributes
                0x000001d3       0x2d ./Drivers/STM32F1xx_HAL_Driver/Src/stm32f1xx_hal_adc.o
 .ARM.attributes
                0x00000200       0x2d ./Drivers/STM32F1xx_HAL_Driver/Src/stm32f1xx_hal_cortex.o
 .ARM.attributes
                0x0000022d       0x2d ./Drivers/STM32F1xx_HAL_Driver/Src/stm32f1xx_hal_dma.o
 .ARM.attributes
                0x0000025a       0x2d ./Drivers/STM32F1xx_HAL_Driver/Src/stm32f1xx_hal_gpio.o
 .ARM.attributes
                0x00000287       0x2d ./Drivers/STM32F1xx_HAL_Driver/Src/stm32f1xx_hal_rcc.o
 .ARM.attributes
                0x000002b4       0x2d ./Drivers/STM32F1xx_HAL_Driver/Src/stm32f1xx_hal_rcc_ex.o
 .ARM.attributes
                0x000002e1       0x2d ./Drivers/STM32F1xx_HAL_Driver/Src/stm32f1xx_hal_tim.o
 .ARM.attributes
                0x0000030e       0x2d ./Drivers/STM32F1xx_HAL_Driver/Src/stm32f1xx_hal_tim_ex.o
 .ARM.attributes
                0x0000033b       0x2d ./Drivers/STM32F1xx_HAL_Driver/Src/stm32f1xx_hal_uart.o
 .ARM.attributes
                0x00000368       0x2d D:/STM32CubeIDE_1.16.1/STM32CubeIDE/plugins/com.st.stm32cube.ide.mcu.externaltools.gnu-tools-for-stm32.12.3.rel1.win32_1.0.200.202406191623/tools/bin/../lib/gcc/arm-none-eabi/12.3.1/../../../../arm-none-eabi/lib/thumb/v7-m/nofp\libc_nano.a(libc_a-memset.o)
 .ARM.attributes
                0x00000395       0x2d D:/STM32CubeIDE_1.16.1/STM32CubeIDE/plugins/com.st.stm32cube.ide.mcu.externaltools.gnu-tools-for-stm32.12.3.rel1.win32_1.0.200.202406191623/tools/bin/../lib/gcc/arm-none-eabi/12.3.1/../../../../arm-none-eabi/lib/thumb/v7-m/nofp\libc_nano.a(libc_a-init.o)
 .ARM.attributes
                0x000003c2       0x1d D:/STM32CubeIDE_1.16.1/STM32CubeIDE/plugins/com.st.stm32cube.ide.mcu.externaltools.gnu-tools-for-stm32.12.3.rel1.win32_1.0.200.202406191623/tools/bin/../lib/gcc/arm-none-eabi/12.3.1/thumb/v7-m/nofp\libgcc.a(_arm_muldf3.o)
 .ARM.attributes
                0x000003df       0x1d D:/STM32CubeIDE_1.16.1/STM32CubeIDE/plugins/com.st.stm32cube.ide.mcu.externaltools.gnu-tools-for-stm32.12.3.rel1.win32_1.0.200.202406191623/tools/bin/../lib/gcc/arm-none-eabi/12.3.1/thumb/v7-m/nofp\libgcc.a(_arm_addsubdf3.o)
 .ARM.attributes
                0x000003fc       0x1d D:/STM32CubeIDE_1.16.1/STM32CubeIDE/plugins/com.st.stm32cube.ide.mcu.externaltools.gnu-tools-for-stm32.12.3.rel1.win32_1.0.200.202406191623/tools/bin/../lib/gcc/arm-none-eabi/12.3.1/thumb/v7-m/nofp\libgcc.a(_arm_truncdfsf2.o)
 .ARM.attributes
                0x00000419       0x1d D:/STM32CubeIDE_1.16.1/STM32CubeIDE/plugins/com.st.stm32cube.ide.mcu.externaltools.gnu-tools-for-stm32.12.3.rel1.win32_1.0.200.202406191623/tools/bin/../lib/gcc/arm-none-eabi/12.3.1/thumb/v7-m/nofp\libgcc.a(_arm_addsubsf3.o)
 .ARM.attributes
                0x00000436       0x1d D:/STM32CubeIDE_1.16.1/STM32CubeIDE/plugins/com.st.stm32cube.ide.mcu.externaltools.gnu-tools-for-stm32.12.3.rel1.win32_1.0.200.202406191623/tools/bin/../lib/gcc/arm-none-eabi/12.3.1/thumb/v7-m/nofp\libgcc.a(_arm_muldivsf3.o)
 .ARM.attributes
                0x00000453       0x1d D:/STM32CubeIDE_1.16.1/STM32CubeIDE/plugins/com.st.stm32cube.ide.mcu.externaltools.gnu-tools-for-stm32.12.3.rel1.win32_1.0.200.202406191623/tools/bin/../lib/gcc/arm-none-eabi/12.3.1/thumb/v7-m/nofp/crtn.o
OUTPUT(micromouse.elf elf32-littlearm)
LOAD linker stubs
LOAD D:/STM32CubeIDE_1.16.1/STM32CubeIDE/plugins/com.st.stm32cube.ide.mcu.externaltools.gnu-tools-for-stm32.12.3.rel1.win32_1.0.200.202406191623/tools/bin/../lib/gcc/arm-none-eabi/12.3.1/../../../../arm-none-eabi/lib/thumb/v7-m/nofp\libc.a
LOAD D:/STM32CubeIDE_1.16.1/STM32CubeIDE/plugins/com.st.stm32cube.ide.mcu.externaltools.gnu-tools-for-stm32.12.3.rel1.win32_1.0.200.202406191623/tools/bin/../lib/gcc/arm-none-eabi/12.3.1/../../../../arm-none-eabi/lib/thumb/v7-m/nofp\libm.a
LOAD D:/STM32CubeIDE_1.16.1/STM32CubeIDE/plugins/com.st.stm32cube.ide.mcu.externaltools.gnu-tools-for-stm32.12.3.rel1.win32_1.0.200.202406191623/tools/bin/../lib/gcc/arm-none-eabi/12.3.1/thumb/v7-m/nofp\libgcc.a

.debug_info     0x00000000     0xde09
 .debug_info    0x00000000      0x319 ./Core/Src/Motor.o
 .debug_info    0x00000319      0x462 ./Core/Src/Sensor.o
 .debug_info    0x0000077b       0xfd ./Core/Src/Timer.o
 .debug_info    0x00000878     0x1787 ./Core/Src/main.o
 .debug_info    0x00001fff     0x11e9 ./Core/Src/stm32f1xx_hal_msp.o
 .debug_info    0x000031e8      0x701 ./Core/Src/stm32f1xx_it.o
 .debug_info    0x000038e9      0x222 ./Core/Src/system_stm32f1xx.o
 .debug_info    0x00003b0b       0x30 ./Core/Startup/startup_stm32f103c8tx.o
 .debug_info    0x00003b3b      0x704 ./Drivers/STM32F1xx_HAL_Driver/Src/stm32f1xx_hal.o
 .debug_info    0x0000423f      0xc50 ./Drivers/STM32F1xx_HAL_Driver/Src/stm32f1xx_hal_adc.o
 .debug_info    0x00004e8f      0xa87 ./Drivers/STM32F1xx_HAL_Driver/Src/stm32f1xx_hal_cortex.o
 .debug_info    0x00005916      0x6d2 ./Drivers/STM32F1xx_HAL_Driver/Src/stm32f1xx_hal_dma.o
 .debug_info    0x00005fe8      0x5ab ./Drivers/STM32F1xx_HAL_Driver/Src/stm32f1xx_hal_gpio.o
 .debug_info    0x00006593      0x7d5 ./Drivers/STM32F1xx_HAL_Driver/Src/stm32f1xx_hal_rcc.o
 .debug_info    0x00006d68      0x3c0 ./Drivers/STM32F1xx_HAL_Driver/Src/stm32f1xx_hal_rcc_ex.o
 .debug_info    0x00007128     0x2959 ./Drivers/STM32F1xx_HAL_Driver/Src/stm32f1xx_hal_tim.o
 .debug_info    0x00009a81     0x149b ./Drivers/STM32F1xx_HAL_Driver/Src/stm32f1xx_hal_tim_ex.o
 .debug_info    0x0000af1c     0x2eed ./Drivers/STM32F1xx_HAL_Driver/Src/stm32f1xx_hal_uart.o

.debug_abbrev   0x00000000     0x229d
 .debug_abbrev  0x00000000       0xf8 ./Core/Src/Motor.o
 .debug_abbrev  0x000000f8      0x149 ./Core/Src/Sensor.o
 .debug_abbrev  0x00000241       0x8b ./Core/Src/Timer.o
 .debug_abbrev  0x000002cc      0x345 ./Core/Src/main.o
 .debug_abbrev  0x00000611      0x25d ./Core/Src/stm32f1xx_hal_msp.o
 .debug_abbrev  0x0000086e      0x1ad ./Core/Src/stm32f1xx_it.o
 .debug_abbrev  0x00000a1b      0x13f ./Core/Src/system_stm32f1xx.o
 .debug_abbrev  0x00000b5a       0x24 ./Core/Startup/startup_stm32f103c8tx.o
 .debug_abbrev  0x00000b7e      0x201 ./Drivers/STM32F1xx_HAL_Driver/Src/stm32f1xx_hal.o
 .debug_abbrev  0x00000d7f      0x225 ./Drivers/STM32F1xx_HAL_Driver/Src/stm32f1xx_hal_adc.o
 .debug_abbrev  0x00000fa4      0x2f8 ./Drivers/STM32F1xx_HAL_Driver/Src/stm32f1xx_hal_cortex.o
 .debug_abbrev  0x0000129c      0x20b ./Drivers/STM32F1xx_HAL_Driver/Src/stm32f1xx_hal_dma.o
 .debug_abbrev  0x000014a7      0x1ca ./Drivers/STM32F1xx_HAL_Driver/Src/stm32f1xx_hal_gpio.o
 .debug_abbrev  0x00001671      0x2b3 ./Drivers/STM32F1xx_HAL_Driver/Src/stm32f1xx_hal_rcc.o
 .debug_abbrev  0x00001924      0x188 ./Drivers/STM32F1xx_HAL_Driver/Src/stm32f1xx_hal_rcc_ex.o
 .debug_abbrev  0x00001aac      0x277 ./Drivers/STM32F1xx_HAL_Driver/Src/stm32f1xx_hal_tim.o
 .debug_abbrev  0x00001d23      0x282 ./Drivers/STM32F1xx_HAL_Driver/Src/stm32f1xx_hal_tim_ex.o
 .debug_abbrev  0x00001fa5      0x2f8 ./Drivers/STM32F1xx_HAL_Driver/Src/stm32f1xx_hal_uart.o

.debug_aranges  0x00000000      0xe10
 .debug_aranges
                0x00000000       0x58 ./Core/Src/Motor.o
 .debug_aranges
                0x00000058       0x30 ./Core/Src/Sensor.o
 .debug_aranges
                0x00000088       0x20 ./Core/Src/Timer.o
 .debug_aranges
                0x000000a8       0x88 ./Core/Src/main.o
 .debug_aranges
                0x00000130       0x68 ./Core/Src/stm32f1xx_hal_msp.o
 .debug_aranges
                0x00000198       0x80 ./Core/Src/stm32f1xx_it.o
 .debug_aranges
                0x00000218       0x28 ./Core/Src/system_stm32f1xx.o
 .debug_aranges
                0x00000240       0x28 ./Core/Startup/startup_stm32f103c8tx.o
 .debug_aranges
                0x00000268       0xe0 ./Drivers/STM32F1xx_HAL_Driver/Src/stm32f1xx_hal.o
 .debug_aranges
                0x00000348       0xf0 ./Drivers/STM32F1xx_HAL_Driver/Src/stm32f1xx_hal_adc.o
 .debug_aranges
                0x00000438      0x100 ./Drivers/STM32F1xx_HAL_Driver/Src/stm32f1xx_hal_cortex.o
 .debug_aranges
                0x00000538       0x80 ./Drivers/STM32F1xx_HAL_Driver/Src/stm32f1xx_hal_dma.o
 .debug_aranges
                0x000005b8       0x58 ./Drivers/STM32F1xx_HAL_Driver/Src/stm32f1xx_hal_gpio.o
 .debug_aranges
                0x00000610       0x90 ./Drivers/STM32F1xx_HAL_Driver/Src/stm32f1xx_hal_rcc.o
 .debug_aranges
                0x000006a0       0x30 ./Drivers/STM32F1xx_HAL_Driver/Src/stm32f1xx_hal_rcc_ex.o
 .debug_aranges
                0x000006d0      0x3d0 ./Drivers/STM32F1xx_HAL_Driver/Src/stm32f1xx_hal_tim.o
 .debug_aranges
                0x00000aa0      0x168 ./Drivers/STM32F1xx_HAL_Driver/Src/stm32f1xx_hal_tim_ex.o
 .debug_aranges
                0x00000c08      0x208 ./Drivers/STM32F1xx_HAL_Driver/Src/stm32f1xx_hal_uart.o

.debug_rnglists
                0x00000000      0xaf9
 .debug_rnglists
                0x00000000       0x3e ./Core/Src/Motor.o
 .debug_rnglists
                0x0000003e       0x20 ./Core/Src/Sensor.o
 .debug_rnglists
                0x0000005e       0x13 ./Core/Src/Timer.o
 .debug_rnglists
                0x00000071       0x69 ./Core/Src/main.o
 .debug_rnglists
                0x000000da       0x4c ./Core/Src/stm32f1xx_hal_msp.o
 .debug_rnglists
                0x00000126       0x5b ./Core/Src/stm32f1xx_it.o
 .debug_rnglists
                0x00000181       0x1a ./Core/Src/system_stm32f1xx.o
 .debug_rnglists
                0x0000019b       0x19 ./Core/Startup/startup_stm32f103c8tx.o
 .debug_rnglists
                0x000001b4       0xa3 ./Drivers/STM32F1xx_HAL_Driver/Src/stm32f1xx_hal.o
 .debug_rnglists
                0x00000257       0xbc ./Drivers/STM32F1xx_HAL_Driver/Src/stm32f1xx_hal_adc.o
 .debug_rnglists
                0x00000313       0xbb ./Drivers/STM32F1xx_HAL_Driver/Src/stm32f1xx_hal_cortex.o
 .debug_rnglists
                0x000003ce       0x64 ./Drivers/STM32F1xx_HAL_Driver/Src/stm32f1xx_hal_dma.o
 .debug_rnglists
                0x00000432       0x3f ./Drivers/STM32F1xx_HAL_Driver/Src/stm32f1xx_hal_gpio.o
 .debug_rnglists
                0x00000471       0x6c ./Drivers/STM32F1xx_HAL_Driver/Src/stm32f1xx_hal_rcc.o
 .debug_rnglists
                0x000004dd       0x21 ./Drivers/STM32F1xx_HAL_Driver/Src/stm32f1xx_hal_rcc_ex.o
 .debug_rnglists
                0x000004fe      0x31a ./Drivers/STM32F1xx_HAL_Driver/Src/stm32f1xx_hal_tim.o
 .debug_rnglists
                0x00000818      0x125 ./Drivers/STM32F1xx_HAL_Driver/Src/stm32f1xx_hal_tim_ex.o
 .debug_rnglists
                0x0000093d      0x1bc ./Drivers/STM32F1xx_HAL_Driver/Src/stm32f1xx_hal_uart.o

.debug_macro    0x00000000    0x1872e
 .debug_macro   0x00000000      0x1ed ./Core/Src/Motor.o
 .debug_macro   0x000001ed      0xaa8 ./Core/Src/Motor.o
 .debug_macro   0x00000c95      0x227 ./Core/Src/Motor.o
 .debug_macro   0x00000ebc       0x2e ./Core/Src/Motor.o
 .debug_macro   0x00000eea       0x22 ./Core/Src/Motor.o
 .debug_macro   0x00000f0c       0x22 ./Core/Src/Motor.o
 .debug_macro   0x00000f2e       0x8e ./Core/Src/Motor.o
 .debug_macro   0x00000fbc       0x51 ./Core/Src/Motor.o
 .debug_macro   0x0000100d      0x103 ./Core/Src/Motor.o
 .debug_macro   0x00001110       0x6a ./Core/Src/Motor.o
 .debug_macro   0x0000117a      0x1df ./Core/Src/Motor.o
 .debug_macro   0x00001359       0x1c ./Core/Src/Motor.o
 .debug_macro   0x00001375       0x22 ./Core/Src/Motor.o
 .debug_macro   0x00001397       0xbd ./Core/Src/Motor.o
 .debug_macro   0x00001454      0xd23 ./Core/Src/Motor.o
 .debug_macro   0x00002177     0xe09e ./Core/Src/Motor.o
 .debug_macro   0x00010215       0x6d ./Core/Src/Motor.o
 .debug_macro   0x00010282     0x34a2 ./Core/Src/Motor.o
 .debug_macro   0x00013724      0x189 ./Core/Src/Motor.o
 .debug_macro   0x000138ad       0x5c ./Core/Src/Motor.o
 .debug_macro   0x00013909      0x5bc ./Core/Src/Motor.o
 .debug_macro   0x00013ec5      0x289 ./Core/Src/Motor.o
 .debug_macro   0x0001414e      0x1cb ./Core/Src/Motor.o
 .debug_macro   0x00014319      0x114 ./Core/Src/Motor.o
 .debug_macro   0x0001442d      0x1b2 ./Core/Src/Motor.o
 .debug_macro   0x000145df       0x27 ./Core/Src/Motor.o
 .debug_macro   0x00014606      0x136 ./Core/Src/Motor.o
 .debug_macro   0x0001473c      0x1bc ./Core/Src/Motor.o
 .debug_macro   0x000148f8       0x34 ./Core/Src/Motor.o
 .debug_macro   0x0001492c       0x3c ./Core/Src/Motor.o
 .debug_macro   0x00014968       0x57 ./Core/Src/Motor.o
 .debug_macro   0x000149bf      0x46a ./Core/Src/Motor.o
 .debug_macro   0x00014e29      0x1b5 ./Core/Src/Motor.o
 .debug_macro   0x00014fde       0x87 ./Core/Src/Motor.o
 .debug_macro   0x00015065      0x240 ./Core/Src/Motor.o
 .debug_macro   0x000152a5      0x140 ./Core/Src/Motor.o
 .debug_macro   0x000153e5      0x8ed ./Core/Src/Motor.o
 .debug_macro   0x00015cd2      0x28e ./Core/Src/Motor.o
 .debug_macro   0x00015f60       0x83 ./Core/Src/Motor.o
 .debug_macro   0x00015fe3       0x3a ./Core/Src/Motor.o
 .debug_macro   0x0001601d       0x46 ./Core/Src/Motor.o
 .debug_macro   0x00016063      0x1d0 ./Core/Src/Sensor.o
 .debug_macro   0x00016233       0x34 ./Core/Src/Sensor.o
 .debug_macro   0x00016267      0x1de ./Core/Src/Timer.o
 .debug_macro   0x00016445      0x2aa ./Core/Src/main.o
 .debug_macro   0x000166ef       0x61 ./Core/Src/main.o
 .debug_macro   0x00016750       0x24 ./Core/Src/main.o
 .debug_macro   0x00016774       0x43 ./Core/Src/main.o
 .debug_macro   0x000167b7       0x34 ./Core/Src/main.o
 .debug_macro   0x000167eb       0x16 ./Core/Src/main.o
 .debug_macro   0x00016801       0x43 ./Core/Src/main.o
 .debug_macro   0x00016844       0x34 ./Core/Src/main.o
 .debug_macro   0x00016878       0x10 ./Core/Src/main.o
 .debug_macro   0x00016888       0x58 ./Core/Src/main.o
 .debug_macro   0x000168e0       0x8e ./Core/Src/main.o
 .debug_macro   0x0001696e       0x1c ./Core/Src/main.o
 .debug_macro   0x0001698a      0x177 ./Core/Src/main.o
 .debug_macro   0x00016b01      0x369 ./Core/Src/main.o
 .debug_macro   0x00016e6a      0x19b ./Core/Src/main.o
 .debug_macro   0x00017005      0x1c1 ./Core/Src/stm32f1xx_hal_msp.o
 .debug_macro   0x000171c6      0x1cb ./Core/Src/stm32f1xx_it.o
 .debug_macro   0x00017391      0x1b7 ./Core/Src/system_stm32f1xx.o
 .debug_macro   0x00017548      0x1db ./Drivers/STM32F1xx_HAL_Driver/Src/stm32f1xx_hal.o
 .debug_macro   0x00017723      0x1d4 ./Drivers/STM32F1xx_HAL_Driver/Src/stm32f1xx_hal_adc.o
 .debug_macro   0x000178f7      0x1b7 ./Drivers/STM32F1xx_HAL_Driver/Src/stm32f1xx_hal_cortex.o
 .debug_macro   0x00017aae      0x1b7 ./Drivers/STM32F1xx_HAL_Driver/Src/stm32f1xx_hal_dma.o
 .debug_macro   0x00017c65      0x222 ./Drivers/STM32F1xx_HAL_Driver/Src/stm32f1xx_hal_gpio.o
 .debug_macro   0x00017e87      0x1c9 ./Drivers/STM32F1xx_HAL_Driver/Src/stm32f1xx_hal_rcc.o
 .debug_macro   0x00018050      0x1b7 ./Drivers/STM32F1xx_HAL_Driver/Src/stm32f1xx_hal_rcc_ex.o
 .debug_macro   0x00018207      0x1b8 ./Drivers/STM32F1xx_HAL_Driver/Src/stm32f1xx_hal_tim.o
 .debug_macro   0x000183bf      0x1b7 ./Drivers/STM32F1xx_HAL_Driver/Src/stm32f1xx_hal_tim_ex.o
 .debug_macro   0x00018576      0x1b8 ./Drivers/STM32F1xx_HAL_Driver/Src/stm32f1xx_hal_uart.o

.debug_line     0x00000000    0x109c2
 .debug_line    0x00000000      0x83a ./Core/Src/Motor.o
 .debug_line    0x0000083a      0x7cc ./Core/Src/Sensor.o
 .debug_line    0x00001006      0x74f ./Core/Src/Timer.o
 .debug_line    0x00001755      0xcb7 ./Core/Src/main.o
 .debug_line    0x0000240c      0x8f7 ./Core/Src/stm32f1xx_hal_msp.o
 .debug_line    0x00002d03      0x84c ./Core/Src/stm32f1xx_it.o
 .debug_line    0x0000354f      0x7a8 ./Core/Src/system_stm32f1xx.o
 .debug_line    0x00003cf7       0x78 ./Core/Startup/startup_stm32f103c8tx.o
 .debug_line    0x00003d6f      0x9d5 ./Drivers/STM32F1xx_HAL_Driver/Src/stm32f1xx_hal.o
 .debug_line    0x00004744     0x1052 ./Drivers/STM32F1xx_HAL_Driver/Src/stm32f1xx_hal_adc.o
 .debug_line    0x00005796      0xbc1 ./Drivers/STM32F1xx_HAL_Driver/Src/stm32f1xx_hal_cortex.o
 .debug_line    0x00006357      0xe2e ./Drivers/STM32F1xx_HAL_Driver/Src/stm32f1xx_hal_dma.o
 .debug_line    0x00007185      0xa6e ./Drivers/STM32F1xx_HAL_Driver/Src/stm32f1xx_hal_gpio.o
 .debug_line    0x00007bf3      0xdde ./Drivers/STM32F1xx_HAL_Driver/Src/stm32f1xx_hal_rcc.o
 .debug_line    0x000089d1      0x91f ./Drivers/STM32F1xx_HAL_Driver/Src/stm32f1xx_hal_rcc_ex.o
 .debug_line    0x000092f0     0x34fa ./Drivers/STM32F1xx_HAL_Driver/Src/stm32f1xx_hal_tim.o
 .debug_line    0x0000c7ea     0x1924 ./Drivers/STM32F1xx_HAL_Driver/Src/stm32f1xx_hal_tim_ex.o
 .debug_line    0x0000e10e     0x28b4 ./Drivers/STM32F1xx_HAL_Driver/Src/stm32f1xx_hal_uart.o

.debug_str      0x00000000    0x8f5b6
 .debug_str     0x00000000    0x880af ./Core/Src/Motor.o
                              0x8842a (size before relaxing)
 .debug_str     0x000880af      0x12f ./Core/Src/Sensor.o
                              0x883ec (size before relaxing)
 .debug_str     0x000881de       0x21 ./Core/Src/Timer.o
                              0x88290 (size before relaxing)
 .debug_str     0x000881ff     0x496a ./Core/Src/main.o
                              0x8cef3 (size before relaxing)
 .debug_str     0x0008cb69      0x160 ./Core/Src/stm32f1xx_hal_msp.o
                              0x88d94 (size before relaxing)
 .debug_str     0x0008ccc9      0x126 ./Core/Src/stm32f1xx_it.o
                              0x88631 (size before relaxing)
 .debug_str     0x0008cdef       0x7e ./Core/Src/system_stm32f1xx.o
                              0x880f4 (size before relaxing)
 .debug_str     0x0008ce6d       0x44 ./Core/Startup/startup_stm32f103c8tx.o
                                 0x5e (size before relaxing)
 .debug_str     0x0008ceb1      0x384 ./Drivers/STM32F1xx_HAL_Driver/Src/stm32f1xx_hal.o
                              0x88827 (size before relaxing)
 .debug_str     0x0008d235      0x37c ./Drivers/STM32F1xx_HAL_Driver/Src/stm32f1xx_hal_adc.o
                              0x887d8 (size before relaxing)
 .debug_str     0x0008d5b1      0x28a ./Drivers/STM32F1xx_HAL_Driver/Src/stm32f1xx_hal_cortex.o
                              0x88773 (size before relaxing)
 .debug_str     0x0008d83b      0x1e7 ./Drivers/STM32F1xx_HAL_Driver/Src/stm32f1xx_hal_dma.o
                              0x8849d (size before relaxing)
 .debug_str     0x0008da22      0x2e1 ./Drivers/STM32F1xx_HAL_Driver/Src/stm32f1xx_hal_gpio.o
                              0x8847a (size before relaxing)
 .debug_str     0x0008dd03      0x229 ./Drivers/STM32F1xx_HAL_Driver/Src/stm32f1xx_hal_rcc.o
                              0x88523 (size before relaxing)
 .debug_str     0x0008df2c       0x84 ./Drivers/STM32F1xx_HAL_Driver/Src/stm32f1xx_hal_rcc_ex.o
                              0x88273 (size before relaxing)
 .debug_str     0x0008dfb0      0xc0e ./Drivers/STM32F1xx_HAL_Driver/Src/stm32f1xx_hal_tim.o
                              0x89525 (size before relaxing)
 .debug_str     0x0008ebbe      0x3e1 ./Drivers/STM32F1xx_HAL_Driver/Src/stm32f1xx_hal_tim_ex.o
                              0x88d31 (size before relaxing)
 .debug_str     0x0008ef9f      0x617 ./Drivers/STM32F1xx_HAL_Driver/Src/stm32f1xx_hal_uart.o
                              0x88b94 (size before relaxing)

.comment        0x00000000       0x43
 .comment       0x00000000       0x43 ./Core/Src/Motor.o
                                 0x44 (size before relaxing)
 .comment       0x00000043       0x44 ./Core/Src/Sensor.o
 .comment       0x00000043       0x44 ./Core/Src/Timer.o
 .comment       0x00000043       0x44 ./Core/Src/main.o
 .comment       0x00000043       0x44 ./Core/Src/stm32f1xx_hal_msp.o
 .comment       0x00000043       0x44 ./Core/Src/stm32f1xx_it.o
 .comment       0x00000043       0x44 ./Core/Src/system_stm32f1xx.o
 .comment       0x00000043       0x44 ./Drivers/STM32F1xx_HAL_Driver/Src/stm32f1xx_hal.o
 .comment       0x00000043       0x44 ./Drivers/STM32F1xx_HAL_Driver/Src/stm32f1xx_hal_adc.o
 .comment       0x00000043       0x44 ./Drivers/STM32F1xx_HAL_Driver/Src/stm32f1xx_hal_cortex.o
 .comment       0x00000043       0x44 ./Drivers/STM32F1xx_HAL_Driver/Src/stm32f1xx_hal_dma.o
 .comment       0x00000043       0x44 ./Drivers/STM32F1xx_HAL_Driver/Src/stm32f1xx_hal_gpio.o
 .comment       0x00000043       0x44 ./Drivers/STM32F1xx_HAL_Driver/Src/stm32f1xx_hal_rcc.o
 .comment       0x00000043       0x44 ./Drivers/STM32F1xx_HAL_Driver/Src/stm32f1xx_hal_rcc_ex.o
 .comment       0x00000043       0x44 ./Drivers/STM32F1xx_HAL_Driver/Src/stm32f1xx_hal_tim.o
 .comment       0x00000043       0x44 ./Drivers/STM32F1xx_HAL_Driver/Src/stm32f1xx_hal_tim_ex.o
 .comment       0x00000043       0x44 ./Drivers/STM32F1xx_HAL_Driver/Src/stm32f1xx_hal_uart.o

.debug_frame    0x00000000     0x3b2c
 .debug_frame   0x00000000      0x104 ./Core/Src/Motor.o
 .debug_frame   0x00000104       0x68 ./Core/Src/Sensor.o
 .debug_frame   0x0000016c       0x38 ./Core/Src/Timer.o
 .debug_frame   0x000001a4      0x1e8 ./Core/Src/main.o
 .debug_frame   0x0000038c      0x17c ./Core/Src/stm32f1xx_hal_msp.o
 .debug_frame   0x00000508      0x174 ./Core/Src/stm32f1xx_it.o
 .debug_frame   0x0000067c       0x58 ./Core/Src/system_stm32f1xx.o
 .debug_frame   0x000006d4      0x334 ./Drivers/STM32F1xx_HAL_Driver/Src/stm32f1xx_hal.o
 .debug_frame   0x00000a08      0x40c ./Drivers/STM32F1xx_HAL_Driver/Src/stm32f1xx_hal_adc.o
 .debug_frame   0x00000e14      0x428 ./Drivers/STM32F1xx_HAL_Driver/Src/stm32f1xx_hal_cortex.o
 .debug_frame   0x0000123c      0x208 ./Drivers/STM32F1xx_HAL_Driver/Src/stm32f1xx_hal_dma.o
 .debug_frame   0x00001444      0x14c ./Drivers/STM32F1xx_HAL_Driver/Src/stm32f1xx_hal_gpio.o
 .debug_frame   0x00001590      0x218 ./Drivers/STM32F1xx_HAL_Driver/Src/stm32f1xx_hal_rcc.o
 .debug_frame   0x000017a8       0x80 ./Drivers/STM32F1xx_HAL_Driver/Src/stm32f1xx_hal_rcc_ex.o
 .debug_frame   0x00001828     0x11b8 ./Drivers/STM32F1xx_HAL_Driver/Src/stm32f1xx_hal_tim.o
 .debug_frame   0x000029e0      0x638 ./Drivers/STM32F1xx_HAL_Driver/Src/stm32f1xx_hal_tim_ex.o
 .debug_frame   0x00003018      0x944 ./Drivers/STM32F1xx_HAL_Driver/Src/stm32f1xx_hal_uart.o
 .debug_frame   0x0000395c       0x20 D:/STM32CubeIDE_1.16.1/STM32CubeIDE/plugins/com.st.stm32cube.ide.mcu.externaltools.gnu-tools-for-stm32.12.3.rel1.win32_1.0.200.202406191623/tools/bin/../lib/gcc/arm-none-eabi/12.3.1/../../../../arm-none-eabi/lib/thumb/v7-m/nofp\libc_nano.a(libc_a-memset.o)
 .debug_frame   0x0000397c       0x2c D:/STM32CubeIDE_1.16.1/STM32CubeIDE/plugins/com.st.stm32cube.ide.mcu.externaltools.gnu-tools-for-stm32.12.3.rel1.win32_1.0.200.202406191623/tools/bin/../lib/gcc/arm-none-eabi/12.3.1/../../../../arm-none-eabi/lib/thumb/v7-m/nofp\libc_nano.a(libc_a-init.o)
 .debug_frame   0x000039a8       0x30 D:/STM32CubeIDE_1.16.1/STM32CubeIDE/plugins/com.st.stm32cube.ide.mcu.externaltools.gnu-tools-for-stm32.12.3.rel1.win32_1.0.200.202406191623/tools/bin/../lib/gcc/arm-none-eabi/12.3.1/thumb/v7-m/nofp\libgcc.a(_arm_muldf3.o)
 .debug_frame   0x000039d8       0xac D:/STM32CubeIDE_1.16.1/STM32CubeIDE/plugins/com.st.stm32cube.ide.mcu.externaltools.gnu-tools-for-stm32.12.3.rel1.win32_1.0.200.202406191623/tools/bin/../lib/gcc/arm-none-eabi/12.3.1/thumb/v7-m/nofp\libgcc.a(_arm_addsubdf3.o)
 .debug_frame   0x00003a84       0x24 D:/STM32CubeIDE_1.16.1/STM32CubeIDE/plugins/com.st.stm32cube.ide.mcu.externaltools.gnu-tools-for-stm32.12.3.rel1.win32_1.0.200.202406191623/tools/bin/../lib/gcc/arm-none-eabi/12.3.1/thumb/v7-m/nofp\libgcc.a(_arm_truncdfsf2.o)
 .debug_frame   0x00003aa8       0x4c D:/STM32CubeIDE_1.16.1/STM32CubeIDE/plugins/com.st.stm32cube.ide.mcu.externaltools.gnu-tools-for-stm32.12.3.rel1.win32_1.0.200.202406191623/tools/bin/../lib/gcc/arm-none-eabi/12.3.1/thumb/v7-m/nofp\libgcc.a(_arm_addsubsf3.o)
 .debug_frame   0x00003af4       0x38 D:/STM32CubeIDE_1.16.1/STM32CubeIDE/plugins/com.st.stm32cube.ide.mcu.externaltools.gnu-tools-for-stm32.12.3.rel1.win32_1.0.200.202406191623/tools/bin/../lib/gcc/arm-none-eabi/12.3.1/thumb/v7-m/nofp\libgcc.a(_arm_muldivsf3.o)

.debug_line_str
                0x00000000       0x42
 .debug_line_str
                0x00000000       0x42 ./Core/Startup/startup_stm32f103c8tx.o
